Microchip MPLAB XC8 Compiler V1.37 ()

Linker command line:

--edf=C:\Program Files (x86)\Microchip\xc8\v1.37\dat\en_msgs.txt -cs \
  -h+dist/default/production\BOARD_V2.X.production.sym \
  --cmf=dist/default/production\BOARD_V2.X.production.cmf -z -Q16F877A \
  -oC:\Users\promod\AppData\Local\Temp\s318.2 \
  -Mdist/default/production/BOARD_V2.X.production.map -E1 -ver=XC8 \
  -ASTACK=0110h-016fh -pstack=STACK -ACODE=00h-07FFhx4 -ASTRCODE=00h-01FFFh \
  -ASTRING=00h-0FFhx32 -ACONST=00h-0FFhx32 -AENTRY=00h-0FFhx32 \
  -ACOMMON=070h-07Fh -ABANK0=020h-06Fh -ABANK1=0A0h-0EFh \
  -ABANK2=0110h-016Fh -ABANK3=0190h-01EFh \
  -ARAM=020h-06Fh,0A0h-0EFh,0110h-016Fh,0190h-01EFh \
  -AABS1=020h-07Fh,0A0h-0EFh,0110h-016Fh,0190h-01EFh -ASFR0=00h-01Fh \
  -ASFR1=080h-09Fh -ASFR2=0100h-010Fh -ASFR3=0180h-018Fh \
  -preset_vec=00h,intentry,init,end_init -ppowerup=CODE -pcinit=CODE \
  -pfunctab=CODE -ACONFIG=02007h-02007h -pconfig=CONFIG -DCONFIG=2 \
  -AIDLOC=02000h-02003h -pidloc=IDLOC -DIDLOC=2 -AEEDATA=00h-0FFh/02100h \
  -peeprom_data=EEDATA -DEEDATA=2 -DCODE=2 -DSTRCODE=2 -DSTRING=2 -DCONST=2 \
  -DENTRY=2 -k C:\Users\promod\AppData\Local\Temp\s318.obj \
  dist/default/production\BOARD_V2.X.production.obj 

Object code version is 3.11

Machine type is 16F877A



                Name                               Link     Load   Length Selector   Space Scale
C:\Users\promod\AppData\Local\Temp\s318.obj
                end_init                              0        0        3        0       0
                config                             2007     2007        1     400E       0
dist/default/production\BOARD_V2.X.production.obj
                cinit                               7F0      7F0       10      FE0       0
                text14                              D08      D08       1A     1A10       0
                text13                              D22      D22       1A     1A44       0
                text12                              E84      E84       5C     1D08       0
                text11                              E3A      E3A       4A     1C74       0
                text10                              D88      D88       39     1B10       0
                text9                               DFD      DFD       3D     1BFA       0
                text8                               DC1      DC1       3C     1B82       0
                text7                               D56      D56       32     1AAC       0
                text6                                31       31       6C       62       0
                text5                                 B        B       26       16       0
                text4                               CED      CED        A     19DA       0
                text3                               EE0      EE0      120     1DC0       0
                text2                               260      260      1EC      4C0       0
                text1                               44C      44C      3A4      898       0
                maintext                             9D       9D      1C3      13A       0
                cstackBANK0                          20       20       49       20       1
                cstackCOMMON                         70       70        E       70       1
                inittext                            CF7      CF7       11     19EE       0
                dataBANK1                            A0       A0       1A       A0       1
                strings                             800      800       1E     1000       0
                idataBANK1                          D3C      D3C       1A     1A78       0

TOTAL           Name                               Link     Load   Length     Space
        CLASS   STACK          

        CLASS   CODE           
                end_init                              0        0        3         0
                cinit                               7F0      7F0       10         0
                text14                              D08      D08       1A         0
                text13                              D22      D22       1A         0
                text12                              E84      E84       5C         0
                text11                              E3A      E3A       4A         0
                text10                              D88      D88       39         0
                text9                               DFD      DFD       3D         0
                text8                               DC1      DC1       3C         0
                text7                               D56      D56       32         0
                text6                                31       31       6C         0
                text5                                 B        B       26         0
                text4                               CED      CED        A         0
                text3                               EE0      EE0      120         0
                text2                               260      260      1EC         0
                text1                               44C      44C      3A4         0
                maintext                             9D       9D      1C3         0
                inittext                            CF7      CF7       11         0
                idataBANK1                          D3C      D3C       1A         0

        CLASS   STRCODE        

        CLASS   STRING         
                strings                             800      800       1E         0

        CLASS   CONST          

        CLASS   ENTRY          

        CLASS   COMMON         
                cstackCOMMON                         70       70        E         1

        CLASS   BANK0          
                cstackBANK0                          20       20       49         1

        CLASS   BANK1          
                dataBANK1                            A0       A0       1A         1

        CLASS   BANK2          

        CLASS   BANK3          

        CLASS   RAM            

        CLASS   ABS1           
                abs_s1                               7E       7E        2         1

        CLASS   SFR0           

        CLASS   SFR1           

        CLASS   SFR2           

        CLASS   SFR3           

        CLASS   CONFIG         
                config                             2007     2007        1         0

        CLASS   IDLOC          

        CLASS   EEDATA         



SEGMENTS        Name                           Load    Length   Top    Selector   Space  Class     Delta

                reset_vec                      000000  000003  000003         0       0  CODE        2
                text5                          00000B  000026  000031        16       0  CODE        2
                cstackBANK0                    000020  000049  000069        20       1  BANK0       1
                text6                          000031  00006C  00009D        62       0  CODE        2
                cstackCOMMON                   000070  00000E  00007E        70       1  COMMON      1
                dataBANK1                      0000A0  00001A  0000BA        A0       1  BANK1       1
                maintext                       00009D  0001C3  000260       13A       0  CODE        2
                text2                          000260  0001EC  00044C       4C0       0  CODE        2
                text1                          00044C  0003A4  0007F0       898       0  CODE        2
                cinit                          0007F0  000010  000800       FE0       0  CODE        2
                strings                        000800  00001E  00081E      1000       0  STRING      2
                text4                          000CED  00000A  000CF7      19DA       0  CODE        2
                inittext                       000CF7  000011  000D08      19EE       0  CODE        2
                text14                         000D08  00001A  000D22      1A10       0  CODE        2
                text13                         000D22  00001A  000D3C      1A44       0  CODE        2
                idataBANK1                     000D3C  00001A  000D56      1A78       0  CODE        2
                text7                          000D56  000032  000D88      1AAC       0  CODE        2
                text10                         000D88  000039  000DC1      1B10       0  CODE        2
                text8                          000DC1  00003C  000DFD      1B82       0  CODE        2
                text9                          000DFD  00003D  000E3A      1BFA       0  CODE        2
                text11                         000E3A  00004A  000E84      1C74       0  CODE        2
                text12                         000E84  00005C  000EE0      1D08       0  CODE        2
                text3                          000EE0  000120  001000      1DC0       0  CODE        2
                config                         002007  000001  002008      400E       0  CONFIG      2


UNUSED ADDRESS RANGES

        Name                Unused          Largest block    Delta
        BANK0            0069-006F              7           1
        BANK1            00BA-00EF             36           1
        BANK2            0110-016F             60           1
        BANK3            0190-01EF             60           1
        CODE             0003-000A              8           2
                         081E-0CEC            4CF
                         1000-1FFF            800
        CONST            0003-000A              8           2
                         081E-0CEC            100
                         1000-1FFF            100
        EEDATA           2100-21FF            100           2
        ENTRY            0003-000A              8           2
                         081E-0CEC            100
                         1000-1FFF            100
        IDLOC            2000-2003              4           2
        RAM              0069-006F              7           1
                         00BA-00EF             36
                         0110-016F             60
                         0190-01EF             60
        SFR0             0000-001F             20           1
        SFR1             0080-009F             20           1
        SFR2             0100-010F             10           1
        SFR3             0180-018F             10           1
        STACK            0110-016F             60           1
        STRCODE          0003-000A              8           2
                         081E-0CEC            4CF
                         1000-1FFF           1000
        STRING           0003-000A              8           2
                         081E-0CEC            100
                         1000-1FFF            100

                                  Symbol Table

?___lwdiv                  cstackCOMMON 0070
?___lwmod                  cstackCOMMON 0070
Lcd_Cmd@a                  cstackCOMMON 0073
Lcd_Port@a                 cstackCOMMON 0070
Lcd_Set_Cursor@a           cstackCOMMON 0077
Lcd_Set_Cursor@b           cstackCOMMON 0074
Lcd_Set_Cursor@temp        cstackCOMMON 007A
Lcd_Set_Cursor@y           cstackCOMMON 0079
Lcd_Set_Cursor@z           cstackCOMMON 0078
Lcd_Write_Char@a           cstackCOMMON 0074
Lcd_Write_Char@temp        cstackCOMMON 0072
Lcd_Write_Char@y           cstackCOMMON 0073
Lcd_Write_String@a         cstackCOMMON 0075
Lcd_Write_String@i         cstackCOMMON 007A
_ADCON1                    (abs)        009F
_CMCON                     (abs)        009C
_Lcd_Cmd                   text13       0D22
_Lcd_Init                  text12       0E84
_Lcd_Port                  text14       0D08
_Lcd_Set_Cursor            text11       0E3A
_Lcd_Write_Char            text10       0D88
_Lcd_Write_String          text9        0DFD
_RA0                       (abs)        0028
_RA1                       (abs)        0029
_RA2                       (abs)        002A
_RA3                       (abs)        002B
_RB0                       (abs)        0030
_RB1                       (abs)        0031
_RB2                       (abs)        0032
_RB4                       (abs)        0034
_RB5                       (abs)        0035
_RB6                       (abs)        0036
_RB7                       (abs)        0037
_RC0                       (abs)        0038
_RD2                       (abs)        0042
_RD3                       (abs)        0043
_RD4                       (abs)        0044
_RD5                       (abs)        0045
_RD6                       (abs)        0046
_RD7                       (abs)        0047
_RE0                       (abs)        0048
_RE1                       (abs)        0049
_RE2                       (abs)        004A
_TRISA0                    (abs)        0428
_TRISA1                    (abs)        0429
_TRISA2                    (abs)        042A
_TRISA3                    (abs)        042B
_TRISB0                    (abs)        0430
_TRISB1                    (abs)        0431
_TRISB2                    (abs)        0432
_TRISB4                    (abs)        0434
_TRISB5                    (abs)        0435
_TRISB6                    (abs)        0436
_TRISB7                    (abs)        0437
_TRISC0                    (abs)        0438
_TRISD                     (abs)        0088
_TRISE                     (abs)        0089
__CFG_BOREN$ON             (abs)        0000
__CFG_CP$OFF               (abs)        0000
__CFG_CPD$OFF              (abs)        0000
__CFG_FOSC$HS              (abs)        0000
__CFG_LVP$OFF              (abs)        0000
__CFG_PWRTE$ON             (abs)        0000
__CFG_WDTE$OFF             (abs)        0000
__CFG_WRT$OFF              (abs)        0000
__Habs1                    abs1         0000
__Hbank0                   bank0        0000
__Hbank1                   bank1        0000
__Hbank2                   bank2        0000
__Hbank3                   bank3        0000
__Hcinit                   cinit        0800
__Hclrtext                 clrtext      0000
__Hcode                    code         0000
__Hcommon                  common       0000
__Hconfig                  config       2008
__HcstackBANK0             cstackBANK0  0000
__HcstackCOMMON            cstackCOMMON 0000
__HdataBANK1               dataBANK1    0000
__Heeprom_data             eeprom_data  0000
__Hend_init                end_init     0003
__Hfunctab                 functab      0000
__HidataBANK1              idataBANK1   0000
__Hidloc                   idloc        0000
__Hinit                    init         0000
__Hinittext                inittext     0000
__Hintentry                intentry     0000
__Hmaintext                maintext     0000
__Hpowerup                 powerup      0000
__Hram                     ram          0000
__Hreset_vec               reset_vec    0000
__Hsfr0                    sfr0         0000
__Hsfr1                    sfr1         0000
__Hsfr2                    sfr2         0000
__Hsfr3                    sfr3         0000
__Hspace_0                 (abs)        2008
__Hspace_1                 (abs)        00BA
__Hspace_2                 (abs)        0000
__Hspace_3                 (abs)        0000
__Hstack                   stack        0000
__Hstrings                 strings      0000
__Htext                    text         0000
__Labs1                    abs1         0000
__Lbank0                   bank0        0000
__Lbank1                   bank1        0000
__Lbank2                   bank2        0000
__Lbank3                   bank3        0000
__Lcinit                   cinit        07F0
__Lclrtext                 clrtext      0000
__Lcode                    code         0000
__Lcommon                  common       0000
__Lconfig                  config       2007
__LcstackBANK0             cstackBANK0  0000
__LcstackCOMMON            cstackCOMMON 0000
__LdataBANK1               dataBANK1    0000
__Leeprom_data             eeprom_data  0000
__Lend_init                end_init     0000
__Lfunctab                 functab      0000
__LidataBANK1              idataBANK1   0000
__Lidloc                   idloc        0000
__Linit                    init         0000
__Linittext                inittext     0000
__Lintentry                intentry     0000
__Lmaintext                maintext     0000
__Lpowerup                 powerup      0000
__Lram                     ram          0000
__Lreset_vec               reset_vec    0000
__Lsfr0                    sfr0         0000
__Lsfr1                    sfr1         0000
__Lsfr2                    sfr2         0000
__Lsfr3                    sfr3         0000
__Lspace_0                 (abs)        0000
__Lspace_1                 (abs)        0000
__Lspace_2                 (abs)        0000
__Lspace_3                 (abs)        0000
__Lstack                   stack        0000
__Lstrings                 strings      0000
__Ltext                    text         0000
__S0                       (abs)        2008
__S1                       (abs)        00BA
__S2                       (abs)        0000
__S3                       (abs)        0000
___int_sp                  stack        0000
___latbits                 (abs)        0002
___lwdiv                   text8        0DC1
___lwdiv@counter           cstackCOMMON 0077
___lwdiv@dividend          cstackCOMMON 0072
___lwdiv@divisor           cstackCOMMON 0070
___lwdiv@quotient          cstackCOMMON 0075
___lwmod                   text7        0D56
___lwmod@counter           cstackCOMMON 0075
___lwmod@dividend          cstackCOMMON 0072
___lwmod@divisor           cstackCOMMON 0070
___sp                      stack        0000
__end_of_Lcd_Cmd           text13       0D3C
__end_of_Lcd_Init          text12       0EE0
__end_of_Lcd_Port          text14       0D22
__end_of_Lcd_Set_Cursor    text11       0E84
__end_of_Lcd_Write_Char    text10       0DC1
__end_of_Lcd_Write_String  text9        0E3A
__end_of___lwdiv           text8        0DFD
__end_of___lwmod           text7        0D88
__end_of__initialization   cinit        07FC
__end_of__stringtab        strings      0810
__end_of_down              text4        0CF7
__end_of_itoa              text5        0031
__end_of_main              maintext     0260
__end_of_place_notice      text2        044C
__end_of_remove_notice     text1        07F0
__end_of_stepper           text3        1000
__end_of_utoa              text6        009D
__initialization           cinit        07F0
__pcstackBANK0             cstackBANK0  0020
__pcstackCOMMON            cstackCOMMON 0070
__pdataBANK1               dataBANK1    00A0
__pidataBANK1              idataBANK1   0D3C
__pmaintext                maintext     009D
__pstrings                 strings      0800
__ptext1                   text1        044C
__ptext10                  text10       0D88
__ptext11                  text11       0E3A
__ptext12                  text12       0E84
__ptext13                  text13       0D22
__ptext14                  text14       0D08
__ptext2                   text2        0260
__ptext3                   text3        0EE0
__ptext4                   text4        0CED
__ptext5                   text5        000B
__ptext6                   text6        0031
__ptext7                   text7        0D56
__ptext8                   text8        0DC1
__ptext9                   text9        0DFD
__size_of_Lcd_Cmd          (abs)        0000
__size_of_Lcd_Init         (abs)        0000
__size_of_Lcd_Port         (abs)        0000
__size_of_Lcd_Set_Cursor   (abs)        0000
__size_of_Lcd_Write_Char   (abs)        0000
__size_of_Lcd_Write_String (abs)        0000
__size_of___lwdiv          (abs)        0000
__size_of___lwmod          (abs)        0000
__size_of_down             (abs)        0000
__size_of_itoa             (abs)        0000
__size_of_main             (abs)        0000
__size_of_place_notice     (abs)        0000
__size_of_remove_notice    (abs)        0000
__size_of_stepper          (abs)        0000
__size_of_utoa             (abs)        0000
__stringbase               strings      080F
__stringtab                strings      0800
_down                      text4        0CED
_itoa                      text5        000B
_main                      maintext     009D
_place_notice              text2        0260
_remove_notice             text1        044C
_stepper                   text3        0EE0
_utoa                      text6        0031
btemp                      (abs)        007E
end_of_initialization      cinit        07FC
init_fetch0                inittext     0CF7
init_ram0                  inittext     0CFB
intlevel0                  functab      0000
intlevel1                  functab      0000
intlevel2                  functab      0000
intlevel3                  functab      0000
intlevel4                  functab      0000
intlevel5                  functab      0000
itoa@base                  cstackBANK0  0026
itoa@buf                   cstackBANK0  0029
itoa@cp                    cstackBANK0  0028
itoa@val                   cstackBANK0  0024
ltemp                      (abs)        007E
ltemp0                     (abs)        007E
ltemp1                     (abs)        0082
ltemp2                     (abs)        0086
ltemp3                     (abs)        0080
main@F1254                 dataBANK1    00A0
main@F1256                 dataBANK1    00AE
main@buff                  cstackBANK0  0061
main@count                 cstackBANK0  0067
main@n                     cstackBANK0  0065
main@n_buff                cstackBANK0  0045
main@p                     cstackBANK0  0060
main@q                     cstackBANK0  0063
main@s                     cstackBANK0  0031
main@s_buff                cstackBANK0  0053
main@x                     cstackBANK0  0066
main@y                     cstackBANK0  005F
main@z                     cstackBANK0  0064
place_notice@num           cstackCOMMON 0079
remove_notice@var          cstackCOMMON 0076
reset_vec                  reset_vec    0000
stackhi                    (abs)        0000
stacklo                    (abs)        0000
start                      init         0000
start_initialization       cinit        07F0
stepper@count              cstackBANK0  0021
stepper@count1             cstackBANK0  0023
stepper@direction          cstackCOMMON 0070
stepper@last_state         cstackBANK0  0029
stepper@last_state1        cstackBANK0  002A
stepper@motor              cstackBANK0  0020
stepper@size               cstackCOMMON 0071
stepper@state              cstackBANK0  002B
stepper@state1             cstackBANK0  002C
stepper@x                  cstackBANK0  0025
stepper@x_147              cstackBANK0  0027
ttemp                      (abs)        007E
ttemp0                     (abs)        007E
ttemp1                     (abs)        0081
ttemp2                     (abs)        0084
ttemp3                     (abs)        0087
ttemp4                     (abs)        007F
utoa@base                  cstackCOMMON 007A
utoa@buf                   cstackBANK0  0023
utoa@c                     cstackBANK0  0022
utoa@v                     cstackBANK0  0020
utoa@val                   cstackCOMMON 0078
wtemp                      (abs)        007E
wtemp0                     (abs)        007E
wtemp1                     (abs)        0080
wtemp2                     (abs)        0082
wtemp3                     (abs)        0084
wtemp4                     (abs)        0086
wtemp5                     (abs)        0088
wtemp6                     (abs)        007F


FUNCTION INFORMATION:

 *************** function _main *****************
 Defined at:
		line 42 in file "BOARD_V2.c"
 Parameters:    Size  Location     Type
		None
 Auto vars:     Size  Location     Type
  z               1   68[BANK0 ] unsigned char 
  x               1   70[BANK0 ] unsigned char 
  y               1   63[BANK0 ] unsigned char 
  n               1   69[BANK0 ] unsigned char 
  q               1   67[BANK0 ] unsigned char 
  p               1   64[BANK0 ] unsigned char 
  s              20   17[BANK0 ] unsigned char [20]
  n_buff         14   37[BANK0 ] int [7]
  s_buff         12   51[BANK0 ] int [6]
  count           2   71[BANK0 ] int 
  buff            2   65[BANK0 ] int 
 Return value:  Size  Location     Type
                  1    wreg      void 
 Registers used:
		wreg, fsr0l, fsr0h, status,2, status,0, btemp+1, pclath, cstack
 Tracked objects:
		On entry : 
		On exit  : 
		Unchanged: 
 Data sizes:     COMMON   BANK0   BANK1   BANK3   BANK2
      Params:         0       0       0       0       0
      Locals:         0      56       0       0       0
      Temps:          0       4       0       0       0
      Totals:         0      60       0       0       0
Total ram usage:       60 bytes
 Hardware stack levels required when called:    3
 This function calls:
		_Lcd_Init
		_Lcd_Set_Cursor
		_Lcd_Write_String
		_itoa
		_place_notice
		_remove_notice
 This function is called by:
		Startup code after reset
 This function uses a non-reentrant model


 *************** function _remove_notice *****************
 Defined at:
		line 408 in file "BOARD_V2.c"
 Parameters:    Size  Location     Type
  var             2    6[COMMON] int 
 Auto vars:     Size  Location     Type
		None
 Return value:  Size  Location     Type
                  1    wreg      void 
 Registers used:
		wreg, status,2, status,0, pclath, cstack
 Tracked objects:
		On entry : 
		On exit  : 
		Unchanged: 
 Data sizes:     COMMON   BANK0   BANK1   BANK3   BANK2
      Params:         2       0       0       0       0
      Locals:         0       0       0       0       0
      Temps:          3       0       0       0       0
      Totals:         5       0       0       0       0
Total ram usage:        5 bytes
 Hardware stack levels used:    1
 Hardware stack levels required when called:    1
 This function calls:
		_down
		_stepper
 This function is called by:
		_main
 This function uses a non-reentrant model


 *************** function _place_notice *****************
 Defined at:
		line 216 in file "BOARD_V2.c"
 Parameters:    Size  Location     Type
  num             1    wreg     unsigned char 
 Auto vars:     Size  Location     Type
  num             1    9[COMMON] unsigned char 
 Return value:  Size  Location     Type
                  1    wreg      void 
 Registers used:
		wreg, status,2, status,0, pclath, cstack
 Tracked objects:
		On entry : 
		On exit  : 
		Unchanged: 
 Data sizes:     COMMON   BANK0   BANK1   BANK3   BANK2
      Params:         0       0       0       0       0
      Locals:         1       0       0       0       0
      Temps:          3       0       0       0       0
      Totals:         4       0       0       0       0
Total ram usage:        4 bytes
 Hardware stack levels used:    1
 Hardware stack levels required when called:    1
 This function calls:
		_down
		_stepper
 This function is called by:
		_main
 This function uses a non-reentrant model


 *************** function _stepper *****************
 Defined at:
		line 632 in file "BOARD_V2.c"
 Parameters:    Size  Location     Type
  motor           1    wreg     unsigned char 
  direction       1    0[COMMON] unsigned char 
  size            2    1[COMMON] int 
 Auto vars:     Size  Location     Type
  motor           1    0[BANK0 ] unsigned char 
  x               2    7[BANK0 ] int 
  x               2    5[BANK0 ] int 
  count1          2    3[BANK0 ] int 
  state1          1   12[BANK0 ] unsigned char 
  last_state1     1   10[BANK0 ] unsigned char 
  count           2    1[BANK0 ] int 
  state           1   11[BANK0 ] unsigned char 
  last_state      1    9[BANK0 ] unsigned char 
 Return value:  Size  Location     Type
                  1    wreg      void 
 Registers used:
		wreg, status,2, status,0
 Tracked objects:
		On entry : 
		On exit  : 
		Unchanged: 
 Data sizes:     COMMON   BANK0   BANK1   BANK3   BANK2
      Params:         3       0       0       0       0
      Locals:         0      13       0       0       0
      Temps:          3       0       0       0       0
      Totals:         6      13       0       0       0
Total ram usage:       19 bytes
 Hardware stack levels used:    1
 This function calls:
		Nothing
 This function is called by:
		_place_notice
		_remove_notice
 This function uses a non-reentrant model


 *************** function _down *****************
 Defined at:
		line 771 in file "BOARD_V2.c"
 Parameters:    Size  Location     Type
		None
 Auto vars:     Size  Location     Type
		None
 Return value:  Size  Location     Type
                  1    wreg      void 
 Registers used:
		None
 Tracked objects:
		On entry : 
		On exit  : 
		Unchanged: 
 Data sizes:     COMMON   BANK0   BANK1   BANK3   BANK2
      Params:         0       0       0       0       0
      Locals:         0       0       0       0       0
      Temps:          0       0       0       0       0
      Totals:         0       0       0       0       0
Total ram usage:        0 bytes
 Hardware stack levels used:    1
 This function calls:
		Nothing
 This function is called by:
		_place_notice
		_remove_notice
 This function uses a non-reentrant model


 *************** function _itoa *****************
 Defined at:
		line 4 in file "C:\Program Files (x86)\Microchip\xc8\v1.37\sources\common\itoa.c"
 Parameters:    Size  Location     Type
  buf             1    wreg     PTR unsigned char 
		 -> main@s(20), 
  val             2    4[BANK0 ] int 
  base            2    6[BANK0 ] int 
 Auto vars:     Size  Location     Type
  buf             1    9[BANK0 ] PTR unsigned char 
		 -> main@s(20), 
  cp              1    8[BANK0 ] PTR unsigned char 
		 -> main@s(20), 
 Return value:  Size  Location     Type
                  1    wreg      PTR unsigned char 
 Registers used:
		wreg, fsr0l, fsr0h, status,2, status,0, pclath, cstack
 Tracked objects:
		On entry : 
		On exit  : 
		Unchanged: 
 Data sizes:     COMMON   BANK0   BANK1   BANK3   BANK2
      Params:         0       4       0       0       0
      Locals:         0       2       0       0       0
      Temps:          1       0       0       0       0
      Totals:         1       6       0       0       0
Total ram usage:        7 bytes
 Hardware stack levels used:    1
 Hardware stack levels required when called:    2
 This function calls:
		_utoa
 This function is called by:
		_main
 This function uses a non-reentrant model


 *************** function _utoa *****************
 Defined at:
		line 17 in file "C:\Program Files (x86)\Microchip\xc8\v1.37\sources\common\itoa.c"
 Parameters:    Size  Location     Type
  buf             1    wreg     PTR unsigned char 
		 -> main@s(20), 
  val             2    8[COMMON] unsigned int 
  base            2   10[COMMON] int 
 Auto vars:     Size  Location     Type
  buf             1    3[BANK0 ] PTR unsigned char 
		 -> main@s(20), 
  v               2    0[BANK0 ] unsigned int 
  c               1    2[BANK0 ] unsigned char 
 Return value:  Size  Location     Type
                  1    wreg      PTR unsigned char 
 Registers used:
		wreg, fsr0l, fsr0h, status,2, status,0, pclath, cstack
 Tracked objects:
		On entry : 
		On exit  : 
		Unchanged: 
 Data sizes:     COMMON   BANK0   BANK1   BANK3   BANK2
      Params:         4       0       0       0       0
      Locals:         0       4       0       0       0
      Temps:          1       0       0       0       0
      Totals:         5       4       0       0       0
Total ram usage:        9 bytes
 Hardware stack levels used:    1
 Hardware stack levels required when called:    1
 This function calls:
		___lwdiv
		___lwmod
 This function is called by:
		_itoa
 This function uses a non-reentrant model


 *************** function ___lwmod *****************
 Defined at:
		line 6 in file "C:\Program Files (x86)\Microchip\xc8\v1.37\sources\common\lwmod.c"
 Parameters:    Size  Location     Type
  divisor         2    0[COMMON] unsigned int 
  dividend        2    2[COMMON] unsigned int 
 Auto vars:     Size  Location     Type
  counter         1    5[COMMON] unsigned char 
 Return value:  Size  Location     Type
                  2    0[COMMON] unsigned int 
 Registers used:
		wreg, status,2, status,0
 Tracked objects:
		On entry : 
		On exit  : 
		Unchanged: 
 Data sizes:     COMMON   BANK0   BANK1   BANK3   BANK2
      Params:         4       0       0       0       0
      Locals:         1       0       0       0       0
      Temps:          1       0       0       0       0
      Totals:         6       0       0       0       0
Total ram usage:        6 bytes
 Hardware stack levels used:    1
 This function calls:
		Nothing
 This function is called by:
		_utoa
 This function uses a non-reentrant model


 *************** function ___lwdiv *****************
 Defined at:
		line 6 in file "C:\Program Files (x86)\Microchip\xc8\v1.37\sources\common\lwdiv.c"
 Parameters:    Size  Location     Type
  divisor         2    0[COMMON] unsigned int 
  dividend        2    2[COMMON] unsigned int 
 Auto vars:     Size  Location     Type
  quotient        2    5[COMMON] unsigned int 
  counter         1    7[COMMON] unsigned char 
 Return value:  Size  Location     Type
                  2    0[COMMON] unsigned int 
 Registers used:
		wreg, status,2, status,0
 Tracked objects:
		On entry : 
		On exit  : 
		Unchanged: 
 Data sizes:     COMMON   BANK0   BANK1   BANK3   BANK2
      Params:         4       0       0       0       0
      Locals:         3       0       0       0       0
      Temps:          1       0       0       0       0
      Totals:         8       0       0       0       0
Total ram usage:        8 bytes
 Hardware stack levels used:    1
 This function calls:
		Nothing
 This function is called by:
		_utoa
 This function uses a non-reentrant model


 *************** function _Lcd_Write_String *****************
 Defined at:
		line 97 in file "lcd.h"
 Parameters:    Size  Location     Type
  a               2    5[COMMON] PTR unsigned char 
		 -> main@s(20), STR_1(14), 
 Auto vars:     Size  Location     Type
  i               2   10[COMMON] int 
 Return value:  Size  Location     Type
                  1    wreg      void 
 Registers used:
		wreg, fsr0l, fsr0h, status,2, status,0, btemp+1, pclath, cstack
 Tracked objects:
		On entry : 
		On exit  : 
		Unchanged: 
 Data sizes:     COMMON   BANK0   BANK1   BANK3   BANK2
      Params:         2       0       0       0       0
      Locals:         2       0       0       0       0
      Temps:          3       0       0       0       0
      Totals:         7       0       0       0       0
Total ram usage:        7 bytes
 Hardware stack levels used:    1
 Hardware stack levels required when called:    2
 This function calls:
		_Lcd_Write_Char
 This function is called by:
		_main
 This function uses a non-reentrant model


 *************** function _Lcd_Write_Char *****************
 Defined at:
		line 81 in file "lcd.h"
 Parameters:    Size  Location     Type
  a               1    wreg     unsigned char 
 Auto vars:     Size  Location     Type
  a               1    4[COMMON] unsigned char 
  y               1    3[COMMON] unsigned char 
  temp            1    2[COMMON] unsigned char 
 Return value:  Size  Location     Type
                  1    wreg      void 
 Registers used:
		wreg, status,2, status,0, pclath, cstack
 Tracked objects:
		On entry : 
		On exit  : 
		Unchanged: 
 Data sizes:     COMMON   BANK0   BANK1   BANK3   BANK2
      Params:         0       0       0       0       0
      Locals:         3       0       0       0       0
      Temps:          1       0       0       0       0
      Totals:         4       0       0       0       0
Total ram usage:        4 bytes
 Hardware stack levels used:    1
 Hardware stack levels required when called:    1
 This function calls:
		_Lcd_Port
 This function is called by:
		_Lcd_Write_String
 This function uses a non-reentrant model


 *************** function _Lcd_Set_Cursor *****************
 Defined at:
		line 41 in file "lcd.h"
 Parameters:    Size  Location     Type
  a               1    wreg     unsigned char 
  b               1    4[COMMON] unsigned char 
 Auto vars:     Size  Location     Type
  a               1    7[COMMON] unsigned char 
  temp            1   10[COMMON] unsigned char 
  y               1    9[COMMON] unsigned char 
  z               1    8[COMMON] unsigned char 
 Return value:  Size  Location     Type
                  1    wreg      void 
 Registers used:
		wreg, status,2, status,0, pclath, cstack
 Tracked objects:
		On entry : 
		On exit  : 
		Unchanged: 
 Data sizes:     COMMON   BANK0   BANK1   BANK3   BANK2
      Params:         1       0       0       0       0
      Locals:         4       0       0       0       0
      Temps:          2       0       0       0       0
      Totals:         7       0       0       0       0
Total ram usage:        7 bytes
 Hardware stack levels used:    1
 Hardware stack levels required when called:    2
 This function calls:
		_Lcd_Cmd
 This function is called by:
		_main
 This function uses a non-reentrant model


 *************** function _Lcd_Init *****************
 Defined at:
		line 62 in file "lcd.h"
 Parameters:    Size  Location     Type
		None
 Auto vars:     Size  Location     Type
		None
 Return value:  Size  Location     Type
                  1    wreg      void 
 Registers used:
		wreg, status,2, status,0, pclath, cstack
 Tracked objects:
		On entry : 
		On exit  : 
		Unchanged: 
 Data sizes:     COMMON   BANK0   BANK1   BANK3   BANK2
      Params:         0       0       0       0       0
      Locals:         0       0       0       0       0
      Temps:          2       0       0       0       0
      Totals:         2       0       0       0       0
Total ram usage:        2 bytes
 Hardware stack levels used:    1
 Hardware stack levels required when called:    2
 This function calls:
		_Lcd_Cmd
		_Lcd_Port
 This function is called by:
		_main
 This function uses a non-reentrant model


 *************** function _Lcd_Cmd *****************
 Defined at:
		line 26 in file "lcd.h"
 Parameters:    Size  Location     Type
  a               1    wreg     unsigned char 
 Auto vars:     Size  Location     Type
  a               1    3[COMMON] unsigned char 
 Return value:  Size  Location     Type
                  1    wreg      void 
 Registers used:
		wreg, status,2, status,0, pclath, cstack
 Tracked objects:
		On entry : 
		On exit  : 
		Unchanged: 
 Data sizes:     COMMON   BANK0   BANK1   BANK3   BANK2
      Params:         0       0       0       0       0
      Locals:         1       0       0       0       0
      Temps:          2       0       0       0       0
      Totals:         3       0       0       0       0
Total ram usage:        3 bytes
 Hardware stack levels used:    1
 Hardware stack levels required when called:    1
 This function calls:
		_Lcd_Port
 This function is called by:
		_Lcd_Set_Cursor
		_Lcd_Init
		_Lcd_Clear
		_Lcd_Shift_Right
		_Lcd_Shift_Left
 This function uses a non-reentrant model


 *************** function _Lcd_Port *****************
 Defined at:
		line 4 in file "lcd.h"
 Parameters:    Size  Location     Type
  a               1    wreg     unsigned char 
 Auto vars:     Size  Location     Type
  a               1    0[COMMON] unsigned char 
 Return value:  Size  Location     Type
                  1    wreg      void 
 Registers used:
		wreg
 Tracked objects:
		On entry : 
		On exit  : 
		Unchanged: 
 Data sizes:     COMMON   BANK0   BANK1   BANK3   BANK2
      Params:         0       0       0       0       0
      Locals:         1       0       0       0       0
      Temps:          0       0       0       0       0
      Totals:         1       0       0       0       0
Total ram usage:        1 bytes
 Hardware stack levels used:    1
 This function calls:
		Nothing
 This function is called by:
		_Lcd_Cmd
		_Lcd_Init
		_Lcd_Write_Char
 This function uses a non-reentrant model



MODULE INFORMATION

Module		Function		Class		Link	Load	Size
C:\Program Files (x86)\Microchip\xc8\v1.37\sources\common\lwdiv.c
		___lwdiv       		CODE           	0DC1	0000	61

C:\Program Files (x86)\Microchip\xc8\v1.37\sources\common\lwdiv.c estimated size: 61

shared
		__stringtab    		STRING         	0800	0000	17
		__initialization		CODE           	07F0	0000	13

shared estimated size: 30

C:\Program Files (x86)\Microchip\xc8\v1.37\sources\common\itoa.c
		_itoa          		CODE           	000B	0000	39
		_utoa          		CODE           	0031	0000	109

C:\Program Files (x86)\Microchip\xc8\v1.37\sources\common\itoa.c estimated size: 148

BOARD_V2.c
		_place_notice  		CODE           	0260	0000	493
		_down          		CODE           	0CED	0000	11
		_stepper       		CODE           	0EE0	0000	289
		_remove_notice 		CODE           	044C	0000	933
		_main          		CODE           	009D	0000	452

BOARD_V2.c estimated size: 2178

lcd.h
		_Lcd_Write_String		CODE           	0DFD	0000	62
		_Lcd_Init      		CODE           	0E84	0000	93
		_Lcd_Write_Char		CODE           	0D88	0000	58
		_Lcd_Cmd       		CODE           	0D22	0000	27
		_Lcd_Set_Cursor		CODE           	0E3A	0000	75
		_Lcd_Port      		CODE           	0D08	0000	27

lcd.h estimated size: 342

C:\Program Files (x86)\Microchip\xc8\v1.37\sources\common\lwmod.c
		___lwmod       		CODE           	0D56	0000	51

C:\Program Files (x86)\Microchip\xc8\v1.37\sources\common\lwmod.c estimated size: 51

